MPLINK 5.06, LINKER
Linker Map File - Created Sat Apr 11 20:22:37 2015

                                 Section Info
                  Section       Type    Address   Location Size(Bytes)
                ---------  ---------  ---------  ---------  ---------
                   .org_0       code   0x000000    program   0x000028
                   .cinit    romdata   0x000014    program   0x000004



                              Program Memory Usage 
                               Start         End      
                           ---------   ---------      
                            0x000000    0x000015      
            22 out of 2182 program addresses used, program memory utilization is 1%



                              Symbols - Sorted by Name
                     Name    Address   Location    Storage File                     
                ---------  ---------  ---------  --------- ---------                
                  DESLIGA   0x000012    program     static C:\Users\Ricardo\MPLABXProjects\Atividade-2015-04-13.X\main.asm
                     LIGA   0x000010    program     static C:\Users\Ricardo\MPLABXProjects\Atividade-2015-04-13.X\main.asm
                     LOOP   0x00000d    program     static C:\Users\Ricardo\MPLABXProjects\Atividade-2015-04-13.X\main.asm
                    START   0x000001    program     static C:\Users\Ricardo\MPLABXProjects\Atividade-2015-04-13.X\main.asm



                              Symbols - Sorted by Address
                     Name    Address   Location    Storage File                     
                ---------  ---------  ---------  --------- ---------                
                    START   0x000001    program     static C:\Users\Ricardo\MPLABXProjects\Atividade-2015-04-13.X\main.asm
                     LOOP   0x00000d    program     static C:\Users\Ricardo\MPLABXProjects\Atividade-2015-04-13.X\main.asm
                     LIGA   0x000010    program     static C:\Users\Ricardo\MPLABXProjects\Atividade-2015-04-13.X\main.asm
                  DESLIGA   0x000012    program     static C:\Users\Ricardo\MPLABXProjects\Atividade-2015-04-13.X\main.asm


